== inputs (user data) | model = V2 | seed = 1 ==
grid 21x31 = 651 cells, 2 outlets, 3 shelters, pop 23596
storm: peak 130 mm/h, total 292 mm over 6.0 h
hypergraph: 651 vertices, 1214 hyperedges
physics params: D=1.6 lam=0.01 k_dir=1 depth_scale=0.5752

== training SHPINN (V2, 3000 epochs) ==
  epoch     0: pde-residual loss = 0.012007  lr = 0.00400
  epoch   375: pde-residual loss = 0.003976  lr = 0.00385
  epoch   750: pde-residual loss = 0.001467  lr = 0.00343
  epoch  1125: pde-residual loss = 0.002335  lr = 0.00280
  epoch  1500: pde-residual loss = 0.002352  lr = 0.00205
  epoch  1875: pde-residual loss = 0.002507  lr = 0.00130
  epoch  2250: pde-residual loss = 0.002364  lr = 0.00067
  epoch  2625: pde-residual loss = 0.002265  lr = 0.00025
  epoch  2999: pde-residual loss = 0.002481  lr = 0.00010
training wall time: 596.1 s

== depth vs RK4 ground truth (held-out times, 12 of them) ==
  t=0.75 h: RMSE 0.0012 m   (max true depth 0.002 m)
  t=1.75 h: RMSE 0.0314 m   (max true depth 0.083 m)
  t=2.75 h: RMSE 0.0883 m   (max true depth 0.362 m)
  t=3.75 h: RMSE 0.1324 m   (max true depth 0.793 m)
  t=4.75 h: RMSE 0.1734 m   (max true depth 1.235 m)
  t=5.75 h: RMSE 0.2051 m   (max true depth 1.609 m)

held-out RMSE 0.1204 m (7.5% of max true depth), NSE 0.007
peak-depth RMSE 0.2148 m, bias -0.1305 m; flood extent (>0.15 m): truth 278 cells, model 14 cells, CSI 0.050, POD 0.050, FAR 0.000, accuracy 59.4%
corr(elevation, peak depth) in truth model = -0.47

== evacuation (depth limit 0.15 m, 1.53 min/cell = 20 km/h over 510 m cells; routing 3.5s) ==
population in scope 23472; window closes within horizon for: truth 18585, model 1144
window-close agreement within 15 min: 107/646 cells (20.8% of population); pop-weighted mean |diff| where both close: 146.9 min
unsafe errors (forecast later/never vs truth closes): 18585 people; over-cautious errors: 0 people

earliest-closing evacuation windows (model | truth):
  cell(r,c)   pop   closes_h  truth_h  travel_min@t0
  (14,29)      118     4.33     2.25     50.0
  (2,9)       80     4.33     2.25     13.7
  (14,27)       91     4.50     2.33     47.0
  (14,26)      101     4.58     2.33     45.5
  (2,8)       63     4.58     2.58     12.1
  (4,4)      128     4.67     2.42      3.0
  (4,26)        5     4.67     2.17     36.4
  (13,8)      124     4.83     2.25     19.7

FAIL: held-out RMSE 0.1204 m (tol 5% of max true depth 1.693 m = 0.0847), extent accuracy 59.4% (tol 90%), scenario floods & cuts routes: true

== agreement with reference flood-prone mask (136 cells) ==
  v0.2 default physics (RK4):  AUC 0.811  matched-prev CSI 0.340  CSI@0.15m 0.324 POD 0.904 FAR 0.665
  this run's physics   (RK4):  AUC 0.901  matched-prev CSI 0.478  CSI@0.15m 0.448 POD 0.941 FAR 0.540
  this run's SHPINN surrogate: AUC 0.695  matched-prev CSI 0.271  CSI@0.15m 0.064 POD 0.066 FAR 0.357
