== inputs (user data) | model = V2 | seed = 1 ==
grid 21x31 = 651 cells, 2 outlets, 3 shelters, pop 23596
storm: peak 130 mm/h, total 292 mm over 6.0 h
hypergraph: 651 vertices, 1214 hyperedges
physics params: D=0.35 lam=0.06 k_dir=0

== training SHPINN (V2, 3000 epochs) ==
  epoch     0: pde-residual loss = 0.097948  lr = 0.00400
  epoch   375: pde-residual loss = 0.000949  lr = 0.00385
  epoch   750: pde-residual loss = 0.001130  lr = 0.00343
  epoch  1125: pde-residual loss = 0.000838  lr = 0.00280
  epoch  1500: pde-residual loss = 0.000748  lr = 0.00205
  epoch  1875: pde-residual loss = 0.000598  lr = 0.00130
  epoch  2250: pde-residual loss = 0.000790  lr = 0.00067
  epoch  2625: pde-residual loss = 0.000613  lr = 0.00025
  epoch  2999: pde-residual loss = 0.001371  lr = 0.00010
training wall time: 403.0 s

== depth vs RK4 ground truth (held-out times, 12 of them) ==
  t=0.75 h: RMSE 0.0008 m   (max true depth 0.002 m)
  t=1.75 h: RMSE 0.0010 m   (max true depth 0.043 m)
  t=2.75 h: RMSE 0.0019 m   (max true depth 0.132 m)
  t=3.75 h: RMSE 0.0034 m   (max true depth 0.197 m)
  t=4.75 h: RMSE 0.0052 m   (max true depth 0.212 m)
  t=5.75 h: RMSE 0.0063 m   (max true depth 0.196 m)

held-out RMSE 0.0035 m (1.6% of max true depth), NSE 0.997
peak-depth RMSE 0.0051 m, bias -0.0008 m; flood extent (>0.15 m): truth 368 cells, model 356 cells, CSI 0.915, POD 0.940, FAR 0.028, accuracy 95.1%
corr(elevation, peak depth) in truth model = -0.26

== evacuation (depth limit 0.15 m, 1.53 min/cell = 20 km/h over 510 m cells; routing 2.1s) ==
population in scope 23472; window closes within horizon for: truth 23472, model 23463
window-close agreement within 15 min: 644/646 cells (100.0% of population); pop-weighted mean |diff| where both close: 2.3 min
unsafe errors (forecast later/never vs truth closes): 9 people; over-cautious errors: 0 people

earliest-closing evacuation windows (model | truth):
  cell(r,c)   pop   closes_h  truth_h  travel_min@t0
  (1,30)       69     2.00     2.00     45.7
  (0,30)        5     2.00     2.08     44.1
  (4,30)      127     2.08     2.08     42.6
  (3,29)       84     2.08     2.08     42.6
  (0,28)       83     2.08     2.17     41.0
  (3,30)       71     2.08     2.08     44.2
  (1,28)       70     2.08     2.08     42.5
  (0,29)       69     2.08     2.08     42.5

PASS: held-out RMSE 0.0035 m (tol 5% of max true depth 0.213 m = 0.0106), extent accuracy 95.1% (tol 90%), scenario floods & cuts routes: true

== agreement with reference flood-prone mask (136 cells) ==
  v0.2 default physics (RK4):  AUC 0.811  matched-prev CSI 0.340  CSI@0.15m 0.324 POD 0.904 FAR 0.665
  this run's physics   (RK4):  AUC 0.810  matched-prev CSI 0.340  CSI@0.15m 0.323 POD 0.904 FAR 0.666
  this run's SHPINN surrogate: AUC 0.798  matched-prev CSI 0.347  CSI@0.15m 0.319 POD 0.875 FAR 0.666
