== inputs (user data) | model = V2 | seed = 1 ==
grid 21x31 = 651 cells, 2 outlets, 3 shelters, pop 23596
storm: peak 130 mm/h, total 292 mm over 6.0 h
hypergraph: 651 vertices, 1214 hyperedges

== calibration vs reference mask (138 of 651 cells flood-prone) ==
  fit west -> test east: k_dir=1 D=1.6 lam=0.01  train AUC 0.925  held-out AUC 0.881  (v0.2 defaults held-out 0.795)
  fit east -> test west: k_dir=1 D=1.6 lam=0.01  train AUC 0.881  held-out AUC 0.925  (v0.2 defaults held-out 0.825)
  full fit (240 sims): k_dir=1 D=1.6 lam=0.01  AUC 0.901  (v0.2 defaults 0.811)
physics params: D=1.6 lam=0.01 k_dir=1

== training SHPINN (V2, 3000 epochs) ==
  epoch     0: pde-residual loss = 0.112615  lr = 0.00400
  epoch   375: pde-residual loss = 0.092357  lr = 0.00385
  epoch   750: pde-residual loss = 0.064100  lr = 0.00343
  epoch  1125: pde-residual loss = 0.063705  lr = 0.00280
  epoch  1500: pde-residual loss = 0.062469  lr = 0.00205
  epoch  1875: pde-residual loss = 0.056844  lr = 0.00130
  epoch  2250: pde-residual loss = 0.053897  lr = 0.00067
  epoch  2625: pde-residual loss = 0.056691  lr = 0.00025
  epoch  2999: pde-residual loss = 0.057528  lr = 0.00010
training wall time: 598.1 s

== depth vs RK4 ground truth (held-out times, 12 of them) ==
  t=0.75 h: RMSE 0.0012 m   (max true depth 0.002 m)
  t=1.75 h: RMSE 0.0307 m   (max true depth 0.083 m)
  t=2.75 h: RMSE 0.0718 m   (max true depth 0.362 m)
  t=3.75 h: RMSE 0.1047 m   (max true depth 0.793 m)
  t=4.75 h: RMSE 0.1363 m   (max true depth 1.235 m)
  t=5.75 h: RMSE 0.1593 m   (max true depth 1.609 m)

held-out RMSE 0.0950 m (5.9% of max true depth), NSE 0.382
peak-depth RMSE 0.1669 m, bias -0.0969 m; flood extent (>0.15 m): truth 278 cells, model 78 cells, CSI 0.281, POD 0.281, FAR 0.000, accuracy 69.3%
corr(elevation, peak depth) in truth model = -0.47

== evacuation (depth limit 0.15 m, 1.53 min/cell = 20 km/h over 510 m cells; routing 3.4s) ==
population in scope 23472; window closes within horizon for: truth 18585, model 4045
window-close agreement within 15 min: 107/646 cells (20.8% of population); pop-weighted mean |diff| where both close: 100.1 min
unsafe errors (forecast later/never vs truth closes): 18585 people; over-cautious errors: 0 people

earliest-closing evacuation windows (model | truth):
  cell(r,c)   pop   closes_h  truth_h  travel_min@t0
  (4,4)      128     3.08     2.42      3.0
  (3,12)       64     3.08     2.33     16.7
  (1,16)        4     3.08     2.50     24.3
  (2,9)       80     3.25     2.25     13.7
  (3,0)       53     3.25     2.50      6.1
  (4,19)        5     3.25     2.25     25.8
  (7,19)        3     3.25     2.25     27.3
  (7,0)       81     3.33     2.33      7.6

FAIL: held-out RMSE 0.0950 m (tol 5% of max true depth 1.693 m = 0.0847), extent accuracy 69.3% (tol 90%), scenario floods & cuts routes: true

== agreement with reference flood-prone mask (136 cells) ==
  v0.2 default physics (RK4):  AUC 0.811  matched-prev CSI 0.340  CSI@0.15m 0.324 POD 0.904 FAR 0.665
  this run's physics   (RK4):  AUC 0.901  matched-prev CSI 0.478  CSI@0.15m 0.448 POD 0.941 FAR 0.540
  this run's SHPINN surrogate: AUC 0.795  matched-prev CSI 0.402  CSI@0.15m 0.281 POD 0.346 FAR 0.397
