== inputs (user data) | model = Legacy | seed = 1 ==
grid 21x31 = 651 cells, 2 outlets, 3 shelters, pop 23596
storm: peak 130 mm/h, total 292 mm over 6.0 h
hypergraph: 651 vertices, 1214 hyperedges

== training SHPINN (Legacy, 3000 epochs) ==
  epoch     0: loss = 24.335939
  epoch   375: loss = 1.530197
  epoch   750: loss = 0.701872
  epoch  1125: loss = 0.313019
  epoch  1500: loss = 0.240865
  epoch  1875: loss = 0.219340
  epoch  2250: loss = 0.304121
  epoch  2625: loss = 0.549499
  epoch  2999: loss = 1.846139
training wall time: 1074.1 s

== depth vs RK4 ground truth (held-out times, 12 of them) ==
  t=0.75 h: RMSE 0.0030 m   (max true depth 0.002 m)
  t=1.75 h: RMSE 0.0082 m   (max true depth 0.043 m)
  t=2.75 h: RMSE 0.0241 m   (max true depth 0.132 m)
  t=3.75 h: RMSE 0.0348 m   (max true depth 0.197 m)
  t=4.75 h: RMSE 0.0363 m   (max true depth 0.212 m)
  t=5.75 h: RMSE 0.0329 m   (max true depth 0.196 m)

held-out RMSE 0.0258 m (12.2% of max true depth), NSE 0.833
peak-depth RMSE 0.0361 m, bias -0.0078 m; flood extent (>0.15 m): truth 368 cells, model 283 cells, CSI 0.470, POD 0.565, FAR 0.265, accuracy 63.9%
corr(elevation, peak depth) in truth model = -0.26

== evacuation (depth limit 0.15 m, 1.53 min/cell = 20 km/h over 510 m cells; routing 2.0s) ==
population in scope 23472; window closes within horizon for: truth 23472, model 23472
window-close agreement within 15 min: 607/646 cells (93.9% of population); pop-weighted mean |diff| where both close: 7.7 min
unsafe errors (forecast later/never vs truth closes): 1043 people; over-cautious errors: 401 people

earliest-closing evacuation windows (model | truth):
  cell(r,c)   pop   closes_h  truth_h  travel_min@t0
  (0,30)        5     2.08     2.08     44.6
  (10,30)        4     2.08     2.25     49.6
  (12,30)        4     2.08     2.25     52.7
  (11,30)        3     2.08     2.25     51.1
  (0,26)      135     2.17     2.25     38.3
  (0,27)      128     2.17     2.17     39.9
  (0,28)       83     2.17     2.17     41.5
  (10,29)       79     2.17     2.25     48.0

FAIL: held-out RMSE 0.0258 m (tol 5% of max true depth 0.213 m = 0.0106), extent accuracy 63.9% (tol 90%), scenario floods & cuts routes: true
