== inputs (user data) | model = V2 | seed = 1 ==
grid 21x31 = 651 cells, 2 outlets, 3 shelters, pop 23596
storm: peak 130 mm/h, total 292 mm over 6.0 h
hypergraph: 651 vertices, 1214 hyperedges

== training SHPINN (V2, 3000 epochs) ==
  epoch     0: pde-residual loss = 0.098795  lr = 0.00400
  epoch   375: pde-residual loss = 0.001001  lr = 0.00385
  epoch   750: pde-residual loss = 0.000865  lr = 0.00343
  epoch  1125: pde-residual loss = 0.000588  lr = 0.00280
  epoch  1500: pde-residual loss = 0.000368  lr = 0.00205
  epoch  1875: pde-residual loss = 0.000220  lr = 0.00130
  epoch  2250: pde-residual loss = 0.000422  lr = 0.00067
  epoch  2625: pde-residual loss = 0.000348  lr = 0.00025
  epoch  2999: pde-residual loss = 0.001172  lr = 0.00010
training wall time: 412.7 s

== depth vs RK4 ground truth (held-out times, 12 of them) ==
  t=0.75 h: RMSE 0.0010 m   (max true depth 0.002 m)
  t=1.75 h: RMSE 0.0011 m   (max true depth 0.043 m)
  t=2.75 h: RMSE 0.0016 m   (max true depth 0.132 m)
  t=3.75 h: RMSE 0.0020 m   (max true depth 0.197 m)
  t=4.75 h: RMSE 0.0023 m   (max true depth 0.212 m)
  t=5.75 h: RMSE 0.0024 m   (max true depth 0.196 m)

held-out RMSE 0.0017 m (0.8% of max true depth), NSE 0.999
peak-depth RMSE 0.0022 m, bias -0.0004 m; flood extent (>0.15 m): truth 368 cells, model 370 cells, CSI 0.952, POD 0.978, FAR 0.027, accuracy 97.2%
corr(elevation, peak depth) in truth model = -0.26

== evacuation (depth limit 0.15 m, 1.53 min/cell = 20 km/h over 510 m cells; routing 1.9s) ==
population in scope 23472; window closes within horizon for: truth 23472, model 23472
window-close agreement within 15 min: 646/646 cells (100.0% of population); pop-weighted mean |diff| where both close: 1.5 min
unsafe errors (forecast later/never vs truth closes): 0 people; over-cautious errors: 0 people

earliest-closing evacuation windows (model | truth):
  cell(r,c)   pop   closes_h  truth_h  travel_min@t0
  (3,30)       71     2.00     2.08     44.2
  (1,30)       69     2.00     2.00     45.6
  (2,30)       42     2.00     2.08     45.8
  (4,30)      127     2.08     2.08     42.6
  (4,29)      117     2.08     2.08     41.1
  (3,29)       84     2.08     2.08     42.6
  (1,28)       70     2.08     2.08     42.5
  (0,29)       69     2.08     2.08     42.5

PASS: held-out RMSE 0.0017 m (tol 5% of max true depth 0.213 m = 0.0106), extent accuracy 97.2% (tol 90%), scenario floods & cuts routes: true
