== inputs (SYNTHETIC) | model = V2 | seed = 1 ==
grid 8x10 = 80 cells, 2 outlets, 2 shelters, pop 4354
storm: peak 130 mm/h, total 292 mm over 6.0 h
hypergraph: 80 vertices, 142 hyperedges

== training SHPINN (V2, 1500 epochs) ==
  epoch     0: pde-residual loss = 0.093477  lr = 0.00400
  epoch   187: pde-residual loss = 0.034005  lr = 0.00385
  epoch   374: pde-residual loss = 0.000899  lr = 0.00343
  epoch   561: pde-residual loss = 0.000334  lr = 0.00280
  epoch   748: pde-residual loss = 0.000622  lr = 0.00206
  epoch   935: pde-residual loss = 0.000183  lr = 0.00131
  epoch  1122: pde-residual loss = 0.000500  lr = 0.00068
  epoch  1309: pde-residual loss = 0.000498  lr = 0.00025
  epoch  1496: pde-residual loss = 0.000117  lr = 0.00010
  epoch  1499: pde-residual loss = 0.000158  lr = 0.00010
training wall time: 21.1 s

== depth vs RK4 ground truth (held-out times, 12 of them) ==
  t=0.75 h: RMSE 0.0012 m   (max true depth 0.002 m)
  t=1.75 h: RMSE 0.0006 m   (max true depth 0.046 m)
  t=2.75 h: RMSE 0.0005 m   (max true depth 0.139 m)
  t=3.75 h: RMSE 0.0010 m   (max true depth 0.205 m)
  t=4.75 h: RMSE 0.0004 m   (max true depth 0.222 m)
  t=5.75 h: RMSE 0.0005 m   (max true depth 0.207 m)

held-out RMSE 0.0008 m (0.4% of max true depth), NSE 1.000
peak-depth RMSE 0.0004 m, bias -0.0001 m; flood extent (>0.15 m): truth 22 cells, model 22 cells, CSI 1.000, POD 1.000, FAR 0.000, accuracy 100.0%
corr(elevation, peak depth) in truth model = -0.57

== evacuation (depth limit 0.15 m, 0.75 min/cell = 20 km/h over 250 m cells; routing 0.0s) ==
population in scope 3996; window closes within horizon for: truth 2326, model 2326
window-close agreement within 15 min: 76/76 cells (100.0% of population); pop-weighted mean |diff| where both close: 0.0 min
unsafe errors (forecast later/never vs truth closes): 0 people; over-cautious errors: 0 people

earliest-closing evacuation windows (model | truth):
  cell(r,c)   pop   closes_h  truth_h  travel_min@t0
  (5,5)      171     2.92     2.92      4.5
  (7,3)      113     2.92     2.92      6.0
  (7,6)      113     2.92     2.92      5.2
  (7,2)       50     2.92     2.92      5.2
  (7,7)       50     2.92     2.92      4.5
  (4,5)      171     3.00     3.00      3.8
  (5,4)      171     3.00     3.00      5.2
  (6,4)      171     3.00     3.00      6.0

PASS: held-out RMSE 0.0008 m (tol 5% of max true depth 0.223 m = 0.0111), extent accuracy 100.0% (tol 90%), scenario floods & cuts routes: true
