== inputs (SYNTHETIC) | model = Legacy | seed = 1 ==
grid 8x10 = 80 cells, 2 outlets, 2 shelters, pop 4354
storm: peak 130 mm/h, total 292 mm over 6.0 h
hypergraph: 80 vertices, 142 hyperedges

== training SHPINN (Legacy, 1500 epochs) ==
  epoch     0: loss = 11.001248
  epoch   187: loss = 1.685010
  epoch   374: loss = 1.550536
  epoch   561: loss = 0.992536
  epoch   748: loss = 0.833825
  epoch   935: loss = 0.471758
  epoch  1122: loss = 0.324352
  epoch  1309: loss = 0.260663
  epoch  1496: loss = 0.228793
  epoch  1499: loss = 0.228279
training wall time: 47.6 s

== depth vs RK4 ground truth (held-out times, 12 of them) ==
  t=0.75 h: RMSE 0.0042 m   (max true depth 0.002 m)
  t=1.75 h: RMSE 0.0081 m   (max true depth 0.046 m)
  t=2.75 h: RMSE 0.0252 m   (max true depth 0.139 m)
  t=3.75 h: RMSE 0.0368 m   (max true depth 0.205 m)
  t=4.75 h: RMSE 0.0389 m   (max true depth 0.222 m)
  t=5.75 h: RMSE 0.0364 m   (max true depth 0.207 m)

held-out RMSE 0.0276 m (12.4% of max true depth), NSE 0.818
peak-depth RMSE 0.0390 m, bias -0.0089 m; flood extent (>0.15 m): truth 22 cells, model 21 cells, CSI 0.536, POD 0.682, FAR 0.286, accuracy 83.8%
corr(elevation, peak depth) in truth model = -0.57

== evacuation (depth limit 0.15 m, 0.75 min/cell = 20 km/h over 250 m cells; routing 0.0s) ==
population in scope 3996; window closes within horizon for: truth 2326, model 2918
window-close agreement within 15 min: 50/76 cells (32.8% of population); pop-weighted mean |diff| where both close: 29.5 min
unsafe errors (forecast later/never vs truth closes): 2042 people; over-cautious errors: 642 people

earliest-closing evacuation windows (model | truth):
  cell(r,c)   pop   closes_h  truth_h  travel_min@t0
  (5,3)      113     3.25     3.00      4.5
  (4,4)      171     3.33     3.08      4.5
  (4,5)      171     3.33     3.00      3.8
  (4,3)      113     3.33     3.00      3.8
  (5,6)      113     3.33     3.00      3.8
  (7,7)       50     3.33     2.92      4.5
  (4,6)      113     3.42     3.00      3.0
  (5,2)       50     3.42     3.08      3.8

FAIL: held-out RMSE 0.0276 m (tol 5% of max true depth 0.223 m = 0.0111), extent accuracy 83.8% (tol 90%), scenario floods & cuts routes: true
